// Jest Snapshot v1, https://goo.gl/fbAQLP

exports[`NewsContainer should match the snapshot 1`] = `
<div
  className="news-container"
>
  <div
    id="news-container--anchor"
  />
  <NewsArticle
    description="News Descriptiopn here"
    headline="Big News Here"
    key="0"
    url="http://www.moretesting.com"
  />
  <NewsArticle
    description="Even More Description here"
    headline="More News Here"
    key="1"
    url="http://www.evenmoretesting.com"
  />
</div>
`;
